../Core/Src/main.c:88:5:main	8	static
../Core/Src/main.c:172:6:SystemClock_Config	96	static
../Core/Src/main.c:236:13:MX_RNG_Init	8	static
../Core/Src/main.c:262:13:MX_USART2_UART_Init	8	static
../Core/Src/main.c:297:13:MX_GPIO_Init	48	static
../Core/Src/main.c:331:6:TellerTask	16	static
../Core/Src/main.c:338:6:QueueHandler	24	static
../Core/Src/main.c:361:6:StartDefaultTask	16	static
../Core/Src/main.c:380:6:HAL_TIM_PeriodElapsedCallback	16	static
../Core/Src/main.c:397:6:Error_Handler	4	static,ignoring_inline_asm
