../Core/Src/main.c:96:5:main	8	static
../Core/Src/main.c:185:6:SystemClock_Config	96	static
../Core/Src/main.c:249:13:MX_RNG_Init	8	static
../Core/Src/main.c:275:13:MX_GPIO_Init	48	static
../Core/Src/main.c:329:10:generate_random_number	4	static
../Core/Src/main.c:334:6:TellerTask	32	static
../Core/Src/main.c:375:6:QueueTask	24	static
../Core/Src/main.c:396:6:DisplayTask	64	static
../Core/Src/main.c:414:6:put_teller_on_break	16	static
../Core/Src/main.c:432:6:HAL_TIM_PeriodElapsedCallback	16	static
../Core/Src/main.c:449:6:Error_Handler	4	static,ignoring_inline_asm
