../Core/Src/main.c:95:5:main	8	static
../Core/Src/main.c:184:6:SystemClock_Config	96	static
../Core/Src/main.c:248:13:MX_RNG_Init	8	static
../Core/Src/main.c:274:13:MX_GPIO_Init	48	static
../Core/Src/main.c:308:10:generate_random_number	4	static
../Core/Src/main.c:313:6:TellerTask	32	static
../Core/Src/main.c:341:6:QueueTask	24	static
../Core/Src/main.c:362:6:DisplayTask	48	static
../Core/Src/main.c:389:6:StartDefaultTask	16	static
../Core/Src/main.c:408:6:HAL_TIM_PeriodElapsedCallback	16	static
../Core/Src/main.c:425:6:Error_Handler	4	static,ignoring_inline_asm
