00:34:33 **** Incremental Build of configuration Debug for project I2C - 7SEGMENTDISPLAY ****
make -j16 all 
arm-none-eabi-gcc "../Core/Src/main.c" -mcpu=cortex-m4 -std=gnu11 -g3 -DDEBUG -DUSE_HAL_DRIVER -DSTM32L476xx -c -I../Core/Inc -I../Drivers/STM32L4xx_HAL_Driver/Inc -I../Drivers/STM32L4xx_HAL_Driver/Inc/Legacy -I../Drivers/CMSIS/Device/ST/STM32L4xx/Include -I../Drivers/CMSIS/Include -O0 -ffunction-sections -fdata-sections -Wall -fstack-usage -fcyclomatic-complexity -MMD -MP -MF"Core/Src/main.d" -MT"Core/Src/main.o" --specs=nano.specs -mfpu=fpv4-sp-d16 -mfloat-abi=hard -mthumb -o "Core/Src/main.o"
arm-none-eabi-gcc -o "I2C - 7SEGMENTDISPLAY.elf" @"objects.list"   -mcpu=cortex-m4 -T"C:\Users\manou\OneDrive\Documents\rit\year4\swen.563\SWEN563RTOSBankSim\I2C - 7SEGMENTDISPLAY\STM32L476RGTX_FLASH.ld" --specs=nosys.specs -Wl,-Map="I2C - 7SEGMENTDISPLAY.map" -Wl,--gc-sections -static --specs=nano.specs -mfpu=fpv4-sp-d16 -mfloat-abi=hard -mthumb -Wl,--start-group -lc -lm -Wl,--end-group
Finished building target: I2C - 7SEGMENTDISPLAY.elf
 
arm-none-eabi-size  I2C\ -\ 7SEGMENTDISPLAY.elf 
arm-none-eabi-objdump -h -S I2C\ -\ 7SEGMENTDISPLAY.elf  > "I2C - 7SEGMENTDISPLAY.list"
   text	   data	    bss	    dec	    hex	filename
  14236	     16	   1784	  16036	   3ea4	I2C - 7SEGMENTDISPLAY.elf
Finished building: default.size.stdout
 
Finished building: I2C - 7SEGMENTDISPLAY.list
 

00:34:34 Build Finished. 0 errors, 0 warnings. (took 1s.40ms)

